// Jest Snapshot v1, https://goo.gl/fbAQLP

exports[`PeopleCard should match snapshot  1`] = `
<View
  style={
    Object {
      "backgroundColor": "#ffffff",
      "borderRadius": 4,
      "elevation": 1,
      "flexGrow": 0,
      "margin": 10,
      "padding": 20,
      "shadowColor": "#000000",
      "shadowOffset": Object {
        "height": 0.5,
        "width": 0,
      },
      "shadowOpacity": 0.24,
      "shadowRadius": 0.75,
    }
  }
>
  <View
    accessible={true}
    focusable={false}
    onClick={[Function]}
    onResponderGrant={[Function]}
    onResponderMove={[Function]}
    onResponderRelease={[Function]}
    onResponderTerminate={[Function]}
    onResponderTerminationRequest={[Function]}
    onStartShouldSetResponder={[Function]}
    style={
      Object {
        "flexGrow": 1,
        "flexShrink": 1,
      }
    }
  >
    <View
      style={
        Array [
          Object {
            "alignItems": "center",
            "flexDirection": "row",
            "justifyContent": "space-between",
            "paddingLeft": 16,
          },
          Object {
            "minHeight": 50,
          },
          undefined,
        ]
      }
    >
      <View
        style={
          Array [
            Object {
              "flex": 1,
              "flexDirection": "column",
              "justifyContent": "center",
            },
          ]
        }
      >
        <Text
          numberOfLines={1}
          style={
            Array [
              Object {
                "color": "#000000",
                "fontFamily": "System",
                "fontWeight": "400",
                "textAlign": "left",
              },
              Array [
                Object {
                  "color": "rgba(0, 0, 0, 0.87)",
                  "fontFamily": "System",
                  "fontWeight": "500",
                  "textAlign": "left",
                  "writingDirection": "ltr",
                },
                Array [
                  Object {
                    "fontSize": 20,
                    "letterSpacing": 0.15,
                    "lineHeight": 30,
                    "marginVertical": 2,
                  },
                  Array [
                    Object {
                      "minHeight": 30,
                    },
                    Object {
                      "marginBottom": 2,
                    },
                    undefined,
                  ],
                ],
              ],
            ]
          }
        >
          Luke Skywalker
        </Text>
      </View>
      <View />
    </View>
    <View
      style={
        Array [
          Object {
            "paddingHorizontal": 16,
          },
          Object {
            "paddingBottom": 16,
          },
          undefined,
        ]
      }
    >
      <Text
        style={
          Array [
            Object {
              "color": "#000000",
              "fontFamily": "System",
              "fontWeight": "400",
              "textAlign": "left",
            },
            Array [
              Object {
                "color": "rgba(0, 0, 0, 0.87)",
                "fontFamily": "System",
                "fontWeight": "400",
                "textAlign": "left",
                "writingDirection": "ltr",
              },
              Array [
                Object {
                  "fontSize": 14,
                  "letterSpacing": 0.25,
                  "lineHeight": 20,
                  "marginVertical": 2,
                },
                undefined,
              ],
            ],
          ]
        }
      >
        Birth: 
        19BBY
      </Text>
      <Text
        style={
          Array [
            Object {
              "color": "#000000",
              "fontFamily": "System",
              "fontWeight": "400",
              "textAlign": "left",
            },
            Array [
              Object {
                "color": "rgba(0, 0, 0, 0.87)",
                "fontFamily": "System",
                "fontWeight": "400",
                "textAlign": "left",
                "writingDirection": "ltr",
              },
              Array [
                Object {
                  "fontSize": 14,
                  "letterSpacing": 0.25,
                  "lineHeight": 20,
                  "marginVertical": 2,
                },
                undefined,
              ],
            ],
          ]
        }
      >
        Gender: 
        male
      </Text>
      <Text
        style={
          Array [
            Object {
              "color": "#000000",
              "fontFamily": "System",
              "fontWeight": "400",
              "textAlign": "left",
            },
            Array [
              Object {
                "color": "rgba(0, 0, 0, 0.87)",
                "fontFamily": "System",
                "fontWeight": "400",
                "textAlign": "left",
                "writingDirection": "ltr",
              },
              Array [
                Object {
                  "fontSize": 14,
                  "letterSpacing": 0.25,
                  "lineHeight": 20,
                  "marginVertical": 2,
                },
                undefined,
              ],
            ],
          ]
        }
      >
        Height: 
        172
      </Text>
      <Text
        style={
          Array [
            Object {
              "color": "#000000",
              "fontFamily": "System",
              "fontWeight": "400",
              "textAlign": "left",
            },
            Array [
              Object {
                "color": "rgba(0, 0, 0, 0.87)",
                "fontFamily": "System",
                "fontWeight": "400",
                "textAlign": "left",
                "writingDirection": "ltr",
              },
              Array [
                Object {
                  "fontSize": 14,
                  "letterSpacing": 0.25,
                  "lineHeight": 20,
                  "marginVertical": 2,
                },
                undefined,
              ],
            ],
          ]
        }
      >
        Mass: 
        77
      </Text>
    </View>
  </View>
</View>
`;
